
> agora@0.0.0 build
> tsc -b && vite build

src/layouts/ParentLayout/index.tsx(10,1): error TS6133: 'StudentType' is declared but its value is never read.
src/layouts/ParentLayout/index.tsx(339,37): error TS2339: Property 'subjectName' does not exist on type 'LessonResponse'.
src/layouts/ParentLayout/index.tsx(339,79): error TS2339: Property 'tutorName' does not exist on type 'LessonResponse'.
src/pages/AdminDashboard/AdminDashboardPageEnhanced.tsx(15,5): error TS2724: '"../../types/admin.types"' has no exported member named 'UserGrowthChartData'. Did you mean 'UserGrowthData'?
src/pages/AdminDashboard/AdminDashboardPageEnhanced.tsx(122,69): error TS2551: Property 'activebookings' does not exist on type 'DashboardMetrics'. Did you mean 'activeBookings'?
src/pages/AdminDashboard/AdminDashboardPageEnhanced.tsx(142,89): error TS2551: Property 'totalgmv' does not exist on type 'DashboardMetrics'. Did you mean 'totalGMV'?
src/pages/AdminDashboard/AdminDashboardPageEnhanced.tsx(146,85): error TS2551: Property 'totalgmv' does not exist on type 'DashboardMetrics'. Did you mean 'totalGMV'?
src/pages/AdminDashboard/AdminDashboardPageEnhanced.tsx(162,89): error TS2551: Property 'netrevenue' does not exist on type 'DashboardMetrics'. Did you mean 'netRevenue'?
src/pages/AdminDashboard/AdminDashboardPageEnhanced.tsx(166,56): error TS2339: Property 'monthlygrowth' does not exist on type 'DashboardMetrics'.
src/pages/AdminDashboard/AdminDashboardPageEnhanced.tsx(183,89): error TS2551: Property 'escrowbalance' does not exist on type 'DashboardMetrics'. Did you mean 'escrowBalance'?
src/pages/AdminDashboard/AdminDashboardPageEnhanced.tsx(187,85): error TS2551: Property 'escrowbalance' does not exist on type 'DashboardMetrics'. Did you mean 'escrowBalance'?
src/pages/AdminDashboard/AdminDashboardPageEnhanced.tsx(202,97): error TS2339: Property 'pendingreview' does not exist on type 'DashboardMetrics'.
src/pages/AdminDashboard/AdminDashboardPageEnhanced.tsx(205,65): error TS2339: Property 'urgentreviews' does not exist on type 'DashboardMetrics'.
src/pages/AdminDashboard/AdminDashboardPageEnhanced.tsx(222,97): error TS2339: Property 'activedisputes' does not exist on type 'DashboardMetrics'.
src/pages/AdminDashboard/AdminDashboardPageEnhanced.tsx(239,82): error TS2551: Property 'totalusers' does not exist on type 'DashboardMetrics'. Did you mean 'totalUsers'?
src/pages/AdminDashboard/AdminDashboardPageEnhanced.tsx(243,56): error TS2339: Property 'usergrowth' does not exist on type 'DashboardMetrics'.
src/pages/AdminDashboard/AdminDashboardPageEnhanced.tsx(260,89): error TS2339: Property 'monthlyrevenue' does not exist on type 'DashboardMetrics'.
src/pages/AdminDashboard/AdminDashboardPageEnhanced.tsx(264,56): error TS2339: Property 'monthlygrowth' does not exist on type 'DashboardMetrics'.
src/pages/AdminDashboard/AdminDashboardPageEnhanced.tsx(357,77): error TS2339: Property 'pendingreview' does not exist on type 'DashboardMetrics'.
src/pages/AdminDashboard/AdminDashboardPageEnhanced.tsx(365,73): error TS2339: Property 'activedisputes' does not exist on type 'DashboardMetrics'.
src/pages/AdminDashboard/components/RecentActivitiesFeed.tsx(18,12): error TS6133: 'refreshKey' is declared but its value is never read.
src/pages/AdminDashboard/components/RecentActivitiesFeed.tsx(98,70): error TS2551: Property 'activitytype' does not exist on type 'RecentActivity'. Did you mean 'activityType'?
src/pages/AdminDashboard/components/RecentActivitiesFeed.tsx(102,43): error TS2551: Property 'activityid' does not exist on type 'RecentActivity'. Did you mean 'activityId'?
src/pages/AdminDashboard/components/RecentActivitiesFeed.tsx(163,58): error TS2339: Property 'performedby' does not exist on type 'RecentActivity'.
src/pages/AdminDashboard/components/RecentActivitiesFeed.tsx(165,72): error TS2339: Property 'createdat' does not exist on type 'RecentActivity'.
src/pages/AdminDashboard/components/RecentActivitiesFeed.tsx(168,47): error TS2339: Property 'metadata' does not exist on type 'RecentActivity'.
src/pages/AdminDashboard/components/RecentActivitiesFeed.tsx(172,74): error TS2339: Property 'metadata' does not exist on type 'RecentActivity'.
src/pages/AdminDashboard/components/RecentActivitiesFeed.tsx(177,47): error TS2339: Property 'metadata' does not exist on type 'RecentActivity'.
src/pages/AdminDashboard/components/RecentActivitiesFeed.tsx(187,66): error TS2339: Property 'metadata' does not exist on type 'RecentActivity'.
src/pages/AdminDashboard/components/RecentActivitiesFeed.tsx(189,72): error TS2339: Property 'metadata' does not exist on type 'RecentActivity'.
src/pages/AdminDashboard/components/RecentActivitiesFeed.tsx(193,66): error TS2339: Property 'metadata' does not exist on type 'RecentActivity'.
src/pages/AdminDashboard/components/RecentActivitiesFeed.tsx(195,72): error TS2339: Property 'metadata' does not exist on type 'RecentActivity'.
src/pages/AdminDashboard/components/RecentActivitiesFeed.tsx(200,59): error TS2339: Property 'metadata' does not exist on type 'RecentActivity'.
src/pages/AdminDashboard/components/RecentActivitiesFeed.tsx(202,64): error TS2339: Property 'metadata' does not exist on type 'RecentActivity'.
src/pages/AdminDashboard/components/RecentActivitiesFeed.tsx(209,47): error TS2339: Property 'metadata' does not exist on type 'RecentActivity'.
src/pages/AdminDashboard/components/RecentActivitiesFeed.tsx(213,60): error TS2339: Property 'metadata' does not exist on type 'RecentActivity'.
src/pages/AdminDashboard/components/RevenueChart.tsx(54,64): error TS2339: Property 'revenue' does not exist on type 'RevenueChartData'.
src/pages/AdminDashboard/components/UserGrowthChart.tsx(2,15): error TS2724: '"../../../types/admin.types"' has no exported member named 'UserGrowthChartData'. Did you mean 'UserGrowthData'?
src/pages/AdminDashboard/mockData.ts(4,5): error TS2724: '"../../types/admin.types"' has no exported member named 'UserGrowthChartData'. Did you mean 'UserGrowthData'?
src/pages/AdminDashboard/mockData.ts(18,5): error TS2561: Object literal may only specify known properties, but 'totalusers' does not exist in type 'DashboardMetrics'. Did you mean to write 'totalUsers'?
src/pages/AdminDashboard/mockData.ts(70,14): error TS2322: Type '{ date: string; revenue: number; displaydate: string; }[]' is not assignable to type 'RevenueChartData[]'.
  Property 'amount' is missing in type '{ date: string; revenue: number; displaydate: string; }' but required in type 'RevenueChartData'.
src/pages/AdminDashboard/mockData.ts(108,27): error TS6133: 'index' is declared but its value is never read.
src/pages/AdminDashboard/mockData.ts(128,9): error TS2561: Object literal may only specify known properties, but 'activityid' does not exist in type 'RecentActivity'. Did you mean to write 'activityId'?
src/pages/AdminDashboard/mockData.ts(140,9): error TS2561: Object literal may only specify known properties, but 'activityid' does not exist in type 'RecentActivity'. Did you mean to write 'activityId'?
src/pages/AdminDashboard/mockData.ts(153,9): error TS2561: Object literal may only specify known properties, but 'activityid' does not exist in type 'RecentActivity'. Did you mean to write 'activityId'?
src/pages/AdminDashboard/mockData.ts(166,9): error TS2561: Object literal may only specify known properties, but 'activityid' does not exist in type 'RecentActivity'. Did you mean to write 'activityId'?
src/pages/AdminDashboard/mockData.ts(178,9): error TS2561: Object literal may only specify known properties, but 'activityid' does not exist in type 'RecentActivity'. Did you mean to write 'activityId'?
src/pages/AdminDashboard/mockData.ts(190,9): error TS2561: Object literal may only specify known properties, but 'activityid' does not exist in type 'RecentActivity'. Did you mean to write 'activityId'?
src/pages/AdminDashboard/mockData.ts(202,9): error TS2561: Object literal may only specify known properties, but 'activityid' does not exist in type 'RecentActivity'. Did you mean to write 'activityId'?
src/pages/AdminDashboard/mockData.ts(215,9): error TS2561: Object literal may only specify known properties, but 'activityid' does not exist in type 'RecentActivity'. Did you mean to write 'activityId'?
src/pages/AdminDashboard/mockData.ts(228,9): error TS2561: Object literal may only specify known properties, but 'activityid' does not exist in type 'RecentActivity'. Did you mean to write 'activityId'?
src/pages/AdminDashboard/mockData.ts(241,9): error TS2561: Object literal may only specify known properties, but 'activityid' does not exist in type 'RecentActivity'. Did you mean to write 'activityId'?
src/pages/AdminFinancials/AdminFinancialsPage.tsx(115,52): error TS2339: Property 'revenuegrowth' does not exist on type 'FinancialMetrics'.
src/pages/AdminFinancials/AdminFinancialsPage.tsx(121,89): error TS2339: Property 'monthlyrevenue' does not exist on type 'FinancialMetrics'.
src/pages/AdminFinancials/AdminFinancialsPage.tsx(136,89): error TS2551: Property 'escrowbalance' does not exist on type 'FinancialMetrics'. Did you mean 'escrowBalance'?
src/pages/AdminFinancials/AdminFinancialsPage.tsx(151,89): error TS2551: Property 'totalrefunds' does not exist on type 'FinancialMetrics'. Did you mean 'totalRefunds'?
src/pages/AdminFinancials/AdminFinancialsPage.tsx(164,51): error TS2551: Property 'pendingwithdrawals' does not exist on type 'FinancialMetrics'. Did you mean 'pendingWithdrawalsCount'?
src/pages/AdminFinancials/AdminFinancialsPage.tsx(170,89): error TS2551: Property 'pendingwithdrawalamount' does not exist on type 'FinancialMetrics'. Did you mean 'pendingWithdrawalsAmount'?
src/pages/AdminFinancials/AdminFinancialsPage.tsx(240,118): error TS2551: Property 'tutoravatar' does not exist on type 'WithdrawalRequest'. Did you mean 'tutorAvatar'?
src/pages/AdminFinancials/AdminFinancialsPage.tsx(243,121): error TS2551: Property 'tutorname' does not exist on type 'WithdrawalRequest'. Did you mean 'tutorName'?
src/pages/AdminFinancials/AdminFinancialsPage.tsx(244,120): error TS2339: Property 'tutorsubject' does not exist on type 'WithdrawalRequest'.
src/pages/AdminFinancials/AdminFinancialsPage.tsx(255,116): error TS2339: Property 'bankaccountmasked' does not exist on type 'WithdrawalRequest'.
src/pages/AdminFinancials/components/ApproveWithdrawalModal.tsx(22,104): error TS2551: Property 'tutorname' does not exist on type 'WithdrawalRequest'. Did you mean 'tutorName'?
src/pages/AdminFinancials/components/ApproveWithdrawalModal.tsx(64,73): error TS2551: Property 'tutoravatar' does not exist on type 'WithdrawalRequest'. Did you mean 'tutorAvatar'?
src/pages/AdminFinancials/components/ApproveWithdrawalModal.tsx(71,49): error TS2551: Property 'tutorname' does not exist on type 'WithdrawalRequest'. Did you mean 'tutorName'?
src/pages/AdminFinancials/components/ApproveWithdrawalModal.tsx(74,49): error TS2339: Property 'tutorsubject' does not exist on type 'WithdrawalRequest'.
src/pages/AdminFinancials/components/ApproveWithdrawalModal.tsx(117,53): error TS2339: Property 'bankaccountfull' does not exist on type 'WithdrawalRequest'.
src/pages/AdminFinancials/components/RejectWithdrawalModal.tsx(4,26): error TS6133: 'formatDateTime' is declared but its value is never read.
src/pages/AdminFinancials/components/RejectWithdrawalModal.tsx(80,69): error TS2551: Property 'tutoravatar' does not exist on type 'WithdrawalRequest'. Did you mean 'tutorAvatar'?
src/pages/AdminFinancials/components/RejectWithdrawalModal.tsx(87,45): error TS2551: Property 'tutorname' does not exist on type 'WithdrawalRequest'. Did you mean 'tutorName'?
src/pages/AdminFinancials/components/RejectWithdrawalModal.tsx(90,45): error TS2339: Property 'tutorsubject' does not exist on type 'WithdrawalRequest'.
src/pages/AdminFinancials/components/TransactionLedger.tsx(280,83): error TS2339: Property 'type' does not exist on type 'Transaction'.
src/pages/AdminFinancials/components/TransactionLedger.tsx(293,83): error TS2339: Property 'type' does not exist on type 'Transaction'.
src/pages/AdminFinancials/components/TransactionLedger.tsx(298,53): error TS2551: Property 'username' does not exist on type 'Transaction'. Did you mean 'userName'?
src/pages/AdminFinancials/mockData.ts(17,5): error TS2353: Object literal may only specify known properties, and 'platformrevenue' does not exist in type 'FinancialMetrics'.
src/pages/AdminFinancials/mockData.ts(31,9): error TS2353: Object literal may only specify known properties, and 'tutorid' does not exist in type 'WithdrawalRequest'.
src/pages/AdminFinancials/mockData.ts(47,9): error TS2353: Object literal may only specify known properties, and 'tutorid' does not exist in type 'WithdrawalRequest'.
src/pages/AdminFinancials/mockData.ts(63,9): error TS2353: Object literal may only specify known properties, and 'tutorid' does not exist in type 'WithdrawalRequest'.
src/pages/AdminFinancials/mockData.ts(79,9): error TS2353: Object literal may only specify known properties, and 'tutorid' does not exist in type 'WithdrawalRequest'.
src/pages/AdminFinancials/mockData.ts(95,9): error TS2353: Object literal may only specify known properties, and 'tutorid' does not exist in type 'WithdrawalRequest'.
src/pages/AdminFinancials/mockData.ts(134,13): error TS2353: Object literal may only specify known properties, and 'type' does not exist in type 'Transaction'.
src/pages/AdminFinancials/mockData.ts(221,20): error TS2339: Property 'rejectionnote' does not exist on type 'WithdrawalRequest'.
src/pages/AdminFinancials/mockData.ts(243,45): error TS2339: Property 'type' does not exist on type 'Transaction'.
src/pages/AdminFinancials/mockData.ts(275,45): error TS2339: Property 'type' does not exist on type 'Transaction'.
src/pages/AdminFinancials/mockData.ts(288,11): error TS2339: Property 'type' does not exist on type 'Transaction'.
src/pages/AdminFinancials/mockData.ts(290,11): error TS2551: Property 'username' does not exist on type 'Transaction'. Did you mean 'userName'?
src/pages/AdminUserManagement/mockData.ts(330,90): error TS6133: 'relatedBookingId' is declared but its value is never read.
src/pages/AdminUserManagement/UserManagementPage.tsx(3,1): error TS6133: 'formatDateTime' is declared but its value is never read.
src/pages/ParentBooking/Payment/index.tsx(73,39): error TS2339: Property 'paymentStatus' does not exist on type 'PaymentStatusResponse'.
src/pages/ParentDisputes/index.tsx(22,9): error TS6133: 'navigate' is declared but its value is never read.
src/pages/ParentLessons/components/NoShowActionModal.tsx(47,45): error TS2353: Object literal may only specify known properties, and 'action' does not exist in type 'NoShowActionRequest'.
src/pages/ParentLessons/index.tsx(4,29): error TS6133: 'getParentDisputes' is declared but its value is never read.
src/pages/ParentLessons/index.tsx(41,91): error TS2339: Property 'items' does not exist on type 'never'.
src/pages/ParentLessons/ParentLessonDetail.tsx(4,38): error TS6133: 'PendingLessonDto' is declared but its value is never read.
src/pages/ParentStudent/components/AddStudentModal.tsx(2,1): error TS6133: 'message' is declared but its value is never read.
src/pages/ParentStudent/components/AddStudentModal.tsx(4,10): error TS6133: 'Plus' is declared but its value is never read.
src/pages/ParentStudent/components/EditStudentModal.tsx(2,1): error TS6133: 'message' is declared but its value is never read.
src/pages/ParentStudent/components/EditStudentModal.tsx(4,18): error TS6133: 'Edit3' is declared but its value is never read.
src/pages/ParentStudent/index.tsx(84,7): error TS6133: 'ClockAlertIcon' is declared but its value is never read.
src/pages/StudentCourses/index.tsx(1,1): error TS6133: 'styles' is declared but its value is never read.
src/pages/TutorPortal/components/IntroVideoSection.tsx(47,5): error TS6133: 'onChange' is declared but its value is never read.
src/pages/TutorPortal/components/PricingModal.tsx(133,25): error TS2322: Type '{ type: "text"; name: string; label: string; value: string; onChange: (value: string) => void; onBlur: () => void; placeholder: string; required: true; error: string; hint: string; }' is not assignable to type 'IntrinsicAttributes & FormFieldProps'.
  Property 'onBlur' does not exist on type 'IntrinsicAttributes & InputFieldProps'.
src/pages/TutorPortal/components/PricingModal.tsx(149,25): error TS2322: Type '{ type: "text"; name: string; label: string; value: string; onChange: (value: string) => void; onBlur: () => void; placeholder: string; error: string; hint: string; }' is not assignable to type 'IntrinsicAttributes & FormFieldProps'.
  Property 'onBlur' does not exist on type 'IntrinsicAttributes & InputFieldProps'.
src/pages/TutorPortal/components/ProfileCompleteness.tsx(89,13): error TS2322: Type 'string | boolean' is not assignable to type 'boolean'.
  Type 'string' is not assignable to type 'boolean'.
src/pages/TutorPortal/components/RescheduleModal.tsx(1,10): error TS1484: 'FunctionComponent' is a type and must be imported using a type-only import when 'verbatimModuleSyntax' is enabled.
src/pages/TutorPortal/components/RescheduleModal.tsx(2,10): error TS6133: 'X' is declared but its value is never read.
src/pages/TutorPortal/components/RescheduleModal.tsx(17,3): error TS6133: 'currentDate' is declared but its value is never read.
src/pages/TutorPortal/components/RescheduleModal.tsx(18,3): error TS6133: 'currentTime' is declared but its value is never read.
src/pages/TutorPortal/components/TutorProfilePreview.tsx(73,7): error TS6133: 'QuoteIcon' is declared but its value is never read.
src/pages/TutorPortal/TutorPortalClassDetail.tsx(4,33): error TS6133: 'Modal' is declared but its value is never read.
src/pages/TutorPortal/TutorPortalClassDetail.tsx(61,7): error TS6133: 'classData' is declared but its value is never read.
src/pages/TutorPortal/TutorPortalClasses.tsx(3,53): error TS6133: 'PagedList' is declared but its value is never read.
src/pages/TutorPortal/TutorPortalClasses.tsx(41,7): error TS6133: 'ChevronRightIcon' is declared but its value is never read.
src/pages/TutorPortal/TutorPortalClasses.tsx(60,7): error TS6133: 'attentionClasses' is declared but its value is never read.
src/pages/TutorPortal/TutorPortalClasses.tsx(85,7): error TS6133: 'recentActivities' is declared but its value is never read.
src/pages/TutorPortal/TutorPortalProfile.tsx(12,1): error TS6133: 'IdentityVerificationData' is declared but its value is never read.
src/pages/TutorPortal/TutorPortalProfile.tsx(22,7): error TS6133: 'PlayIcon' is declared but its value is never read.
src/pages/TutorPortal/TutorPortalProfile.tsx(61,7): error TS6133: 'GraduationIcon' is declared but its value is never read.
src/pages/TutorPortal/TutorPortalProfile.tsx(163,9): error TS6133: 'sectionStatuses' is declared but its value is never read.
src/pages/TutorPortal/TutorPortalProfile.tsx(165,9): error TS6133: 'isLoading' is declared but its value is never read.
src/pages/TutorPortal/TutorPortalProfile.tsx(166,9): error TS6133: 'isInitialLoading' is declared but its value is never read.
src/pages/TutorPortal/TutorPortalProfile.tsx(169,9): error TS6133: 'error' is declared but its value is never read.
src/pages/TutorPortal/TutorPortalProfile.tsx(170,9): error TS6133: 'canPublish' is declared but its value is never read.
src/pages/TutorPortal/TutorPortalProfile.tsx(172,9): error TS6133: 'updateHeroSection' is declared but its value is never read.
src/pages/TutorPortal/TutorPortalProfile.tsx(182,9): error TS6133: 'saveDraft' is declared but its value is never read.
src/pages/TutorPortal/TutorPortalProfile.tsx(183,9): error TS6133: 'publishChanges' is declared but its value is never read.
src/pages/TutorPortal/TutorPortalProfile.tsx(683,33): error TS2322: Type 'TutorProfileFormData' is not assignable to type 'ProfileData'.
  Types of property 'credentials' are incompatible.
    Type 'CredentialData[]' is not assignable to type '{ id: number; }[]'.
      Type 'CredentialData' is not assignable to type '{ id: number; }'.
        Types of property 'id' are incompatible.
          Type 'string' is not assignable to type 'number'.
src/pages/TutorPortal/TutorPortalStudentProfile.tsx(86,11): error TS6133: 'studentId' is declared but its value is never read.
src/pages/TutorPortal/TutorPortalStudentProfile.tsx(92,12): error TS6133: 'lessons' is declared but its value is never read.
src/pages/TutorPortal/TutorPortalStudentProfile.tsx(198,58): error TS6133: 'index' is declared but its value is never read.
src/pages/TutorPortal/TutorPortalStudentProfile.tsx(208,48): error TS6133: 'index' is declared but its value is never read.
src/pages/TutorPortal/TutorPortalStudentProfile.tsx(216,56): error TS6133: 'index' is declared but its value is never read.
src/services/admin.service.ts(12,3): error TS6196: 'TutorForReview' is declared but never used.
