src/components/BookingRequestCard/BookingRequestCard.tsx(3,20): error TS2307: Cannot find module './BookingRequestCard.module.css' or its corresponding type declarations.
src/pages/ParentBooking/Details/index.tsx(21,20): error TS2307: Cannot find module './styles.module.css' or its corresponding type declarations.
src/pages/ParentBooking/index.tsx(5,20): error TS2307: Cannot find module './styles.module.css' or its corresponding type declarations.
src/pages/ParentMessage/ChatHeader.tsx(1,20): error TS2307: Cannot find module './styles.module.css' or its corresponding type declarations.
src/pages/ParentMessage/SessionContextCard.tsx(1,20): error TS2307: Cannot find module './styles.module.css' or its corresponding type declarations.
src/pages/TutorPortal/TutorPortalBookings.tsx(3,20): error TS2307: Cannot find module '../../styles/pages/tutor-portal-bookings.module.css' or its corresponding type declarations.
src/services/auth.service.ts(5,23): error TS1343: The 'import.meta' meta-property is only allowed when the '--module' option is 'es2020', 'es2022', 'esnext', 'system', 'node16', 'node18', 'node20', or 'nodenext'.
src/services/auth.service.ts(5,35): error TS2339: Property 'env' does not exist on type 'ImportMeta'.
src/services/booking.service.ts(5,22): error TS1343: The 'import.meta' meta-property is only allowed when the '--module' option is 'es2020', 'es2022', 'esnext', 'system', 'node16', 'node18', 'node20', or 'nodenext'.
src/services/booking.service.ts(5,34): error TS2339: Property 'env' does not exist on type 'ImportMeta'.
src/services/chat.service.ts(5,22): error TS1343: The 'import.meta' meta-property is only allowed when the '--module' option is 'es2020', 'es2022', 'esnext', 'system', 'node16', 'node18', 'node20', or 'nodenext'.
src/services/chat.service.ts(5,34): error TS2339: Property 'env' does not exist on type 'ImportMeta'.
src/services/tutorProfile.service.ts(5,23): error TS1343: The 'import.meta' meta-property is only allowed when the '--module' option is 'es2020', 'es2022', 'esnext', 'system', 'node16', 'node18', 'node20', or 'nodenext'.
src/services/tutorProfile.service.ts(5,35): error TS2339: Property 'env' does not exist on type 'ImportMeta'.
src/services/tutorProfile.service.ts(123,38): error TS1343: The 'import.meta' meta-property is only allowed when the '--module' option is 'es2020', 'es2022', 'esnext', 'system', 'node16', 'node18', 'node20', or 'nodenext'.
src/services/tutorProfile.service.ts(123,50): error TS2339: Property 'env' does not exist on type 'ImportMeta'.
